
> gyeol-temp@0.1.0 typecheck
> tsc --noEmit
